// Vitest Snapshot v1, https://vitest.dev/guide/snapshot.html

exports[`matches snapshot 1`] = `
<div>
  <div
    class="Todo"
  >
    <div>
      <b>
        testTitle
      </b>
       
      <small>
        (
        priority: 3
        )
      </small>
    </div>
    <div>
      <small>
        hello world
      </small>
    </div>
  </div>
</div>
`;
